// Jest Snapshot v1, https://goo.gl/fbAQLP

exports[`<Main /> should match snapshot 1`] = `
<DocumentFragment>
  <div>
    <header
      style="webkit-transform: none; transform: none; webkit-transition: -webkit-transform 225ms cubic-bezier(0.0, 0, 0.2, 1) 0ms; transition: transform 225ms cubic-bezier(0.0, 0, 0.2, 1) 0ms;"
    >
      <div>
        <h2>
          Characters
        </h2>
        <button
          class="MuiButtonBase-root MuiButton-root MuiButton-text"
          tabindex="0"
          type="button"
        >
          <span
            class="MuiButton-label"
          >
            <svg
              aria-hidden="true"
              class="MuiSvgIcon-root"
              color="white"
              focusable="false"
              role="presentation"
              viewBox="0 0 24 24"
            >
              <path
                d="M3 18h18v-2H3v2zm0-5h18v-2H3v2zm0-7v2h18V6H3z"
              />
            </svg>
          </span>
          <span
            class="MuiTouchRipple-root"
          />
        </button>
      </div>
    </header>
    <div>
      <div>
        <div>
          <button>
            <img
              alt="class"
              src="/images/fighter.svg"
            />
            <h2>
              zoid
            </h2>
          </button>
          <button>
            <h2>
              Create new
            </h2>
          </button>
        </div>
      </div>
    </div>
    <footer />
    <div
      class="MuiSpeedDial-root MuiSpeedDial-directionUp"
      role="presentation"
    >
      <button
        aria-controls="-actions"
        aria-expanded="false"
        aria-haspopup="true"
        aria-label=""
        class="MuiButtonBase-root MuiFab-root MuiSpeedDial-fab MuiFab-primary"
        style="transform: none; webkit-transition: transform 225ms cubic-bezier(0.4, 0, 0.2, 1) 0ms; transition: transform 225ms cubic-bezier(0.4, 0, 0.2, 1) 0ms;"
        tabindex="0"
        type="button"
      >
        <span
          class="MuiFab-label"
        >
          <svg
            aria-hidden="true"
            class="MuiSvgIcon-root"
            focusable="false"
            role="presentation"
            viewBox="0 0 24 24"
          >
            <path
              d="M19 13h-6v6h-2v-6H5v-2h6V5h2v6h6v2z"
            />
          </svg>
        </span>
        <span
          class="MuiTouchRipple-root"
        />
      </button>
      <div
        aria-orientation="vertical"
        class="MuiSpeedDial-actions MuiSpeedDial-actionsClosed"
        id="-actions"
        role="menu"
      >
        <span
          class="MuiSpeedDialAction-staticTooltip MuiSpeedDialAction-tooltipPlacementLeft MuiSpeedDialAction-staticTooltipClosed"
          id="-action-0"
        >
          <span
            class="MuiSpeedDialAction-staticTooltipLabel"
            id="-action-0-label"
            style="transition-delay: 90ms;"
          >
            Add Item
          </span>
          <button
            aria-describedby="-action-0-label"
            class="MuiButtonBase-root MuiFab-root MuiSpeedDialAction-fab MuiSpeedDialAction-fabClosed MuiFab-sizeSmall"
            role="menuitem"
            style="transition-delay: 90ms;"
            tabindex="-1"
            type="button"
          >
            <span
              class="MuiFab-label"
            >
              <span
                aria-hidden="true"
                class="material-icons MuiIcon-root"
              />
            </span>
            <span
              class="MuiTouchRipple-root"
            />
          </button>
        </span>
        <span
          class="MuiSpeedDialAction-staticTooltip MuiSpeedDialAction-tooltipPlacementLeft MuiSpeedDialAction-staticTooltipClosed"
          id="-action-1"
        >
          <span
            class="MuiSpeedDialAction-staticTooltipLabel"
            id="-action-1-label"
            style="transition-delay: 60ms;"
          >
            Add Retainer
          </span>
          <button
            aria-describedby="-action-1-label"
            class="MuiButtonBase-root MuiFab-root MuiSpeedDialAction-fab MuiSpeedDialAction-fabClosed MuiFab-sizeSmall"
            role="menuitem"
            style="transition-delay: 60ms;"
            tabindex="-1"
            type="button"
          >
            <span
              class="MuiFab-label"
            >
              <span
                aria-hidden="true"
                class="material-icons MuiIcon-root"
              />
            </span>
            <span
              class="MuiTouchRipple-root"
            />
          </button>
        </span>
        <span
          class="MuiSpeedDialAction-staticTooltip MuiSpeedDialAction-tooltipPlacementLeft MuiSpeedDialAction-staticTooltipClosed"
          id="-action-2"
        >
          <span
            class="MuiSpeedDialAction-staticTooltipLabel"
            id="-action-2-label"
            style="transition-delay: 30ms;"
          >
            Add Language
          </span>
          <button
            aria-describedby="-action-2-label"
            class="MuiButtonBase-root MuiFab-root MuiSpeedDialAction-fab MuiSpeedDialAction-fabClosed MuiFab-sizeSmall"
            role="menuitem"
            style="transition-delay: 30ms;"
            tabindex="-1"
            type="button"
          >
            <span
              class="MuiFab-label"
            >
              <span
                aria-hidden="true"
                class="material-icons MuiIcon-root"
              />
            </span>
            <span
              class="MuiTouchRipple-root"
            />
          </button>
        </span>
      </div>
    </div>
  </div>
</DocumentFragment>
`;
